[20:00] 🚀 Auto-coder démarrage
[20:00] 📍 Étape 0
[20:00] 📝 Ajout API service
[20:00] ✅ Auto-coder terminé
[21:00] 🚀 Auto-coder démarrage
[21:00] 📍 Étape 1
[21:00] 📝 Ajout CSS néon
[21:00] ✅ Auto-coder terminé
[22:00] 🚀 Auto-coder démarrage
[22:00] 📍 Étape 2
[22:00] 📝 Amélioration Dashboard.jsx
[22:00] ✅ Auto-coder terminé
[23:00] 🚀 Auto-coder démarrage
[23:00] 📍 Étape 3
[23:00] 📝 Mise à jour App.jsx
[23:00] ✅ Auto-coder terminé
[00:00] 🚀 Auto-coder démarrage
[00:00] 📍 Étape 4
[00:00] ✅ Toutes les étapes terminées
[00:00] ✅ Auto-coder terminé
[01:00] 🚀 Auto-coder démarrage
[01:00] 📍 Étape 4
[01:00] ✅ Toutes les étapes terminées
[01:00] ✅ Auto-coder terminé
[02:00] 🚀 Auto-coder démarrage
[02:00] 📍 Étape 4
[02:00] ✅ Toutes les étapes terminées
[02:00] ✅ Auto-coder terminé
[03:00] 🚀 Auto-coder démarrage
[03:00] 📍 Étape 4
[03:00] ✅ Toutes les étapes terminées
[03:00] ✅ Auto-coder terminé
[04:00] 🚀 Auto-coder démarrage
[04:00] 📍 Étape 4
[04:00] ✅ Toutes les étapes terminées
[04:00] ✅ Auto-coder terminé
[05:00] 🚀 Auto-coder démarrage
[05:00] 📍 Étape 4
[05:00] ✅ Toutes les étapes terminées
[05:00] ✅ Auto-coder terminé
[06:00] 🚀 Auto-coder démarrage
[06:00] 📍 Étape 4
[06:00] ✅ Toutes les étapes terminées
[06:00] ✅ Auto-coder terminé
[07:00] 🚀 Auto-coder démarrage
[07:00] 📍 Étape 4
[07:00] ✅ Toutes les étapes terminées
[07:00] ✅ Auto-coder terminé
[08:00] 🚀 Auto-coder démarrage
[08:00] 📍 Étape 4
[08:00] ✅ Toutes les étapes terminées
[08:00] ✅ Auto-coder terminé
[09:00] 🚀 Auto-coder démarrage
[09:00] 📍 Étape 4
[09:00] ✅ Toutes les étapes terminées
[09:00] ✅ Auto-coder terminé
[17:00] 🚀 Auto-coder démarrage
[17:00] 📍 Étape 4
[17:00] ✅ Toutes les étapes terminées
[17:00] ✅ Auto-coder terminé
[18:00] 🚀 Auto-coder démarrage
[18:00] 📍 Étape 4
[18:00] ✅ Toutes les étapes terminées
[18:00] ✅ Auto-coder terminé
[19:00] 🚀 Auto-coder démarrage
[19:00] 📍 Étape 4
[19:00] ✅ Toutes les étapes terminées
[19:00] ✅ Auto-coder terminé
[11:00] 🚀 Auto-coder démarrage
[11:00] 📍 Étape 4
[11:00] ✅ Toutes les étapes terminées
[11:00] ✅ Auto-coder terminé
[12:00] 🚀 Auto-coder démarrage
[12:00] 📍 Étape 4
[12:00] ✅ Toutes les étapes terminées
[12:00] ✅ Auto-coder terminé
[13:00] 🚀 Auto-coder démarrage
[13:00] 📍 Étape 4
[13:00] ✅ Toutes les étapes terminées
[13:00] ✅ Auto-coder terminé
[14:00] 🚀 Auto-coder démarrage
[14:00] 📍 Étape 4
[14:00] ✅ Toutes les étapes terminées
[14:00] ✅ Auto-coder terminé
[15:00] 🚀 Auto-coder démarrage
[15:00] 📍 Étape 4
[15:00] ✅ Toutes les étapes terminées
[15:00] ✅ Auto-coder terminé
[16:00] 🚀 Auto-coder démarrage
[16:00] 📍 Étape 4
[16:00] ✅ Toutes les étapes terminées
[16:00] ✅ Auto-coder terminé
[17:00] 🚀 Auto-coder démarrage
[17:00] 📍 Étape 4
[17:00] ✅ Toutes les étapes terminées
[17:00] ✅ Auto-coder terminé
[18:00] 🚀 Auto-coder démarrage
[18:00] 📍 Étape 4
[18:00] ✅ Toutes les étapes terminées
[18:00] ✅ Auto-coder terminé
[19:00] 🚀 Auto-coder démarrage
[19:00] 📍 Étape 4
[19:00] ✅ Toutes les étapes terminées
[19:00] ✅ Auto-coder terminé
[20:00] 🚀 Auto-coder démarrage
[20:00] 📍 Étape 4
[20:00] ✅ Toutes les étapes terminées
[20:00] ✅ Auto-coder terminé
[21:00] 🚀 Auto-coder démarrage
[21:00] 📍 Étape 4
[21:00] ✅ Toutes les étapes terminées
[21:00] ✅ Auto-coder terminé
[22:00] 🚀 Auto-coder démarrage
[22:00] 📍 Étape 4
[22:00] ✅ Toutes les étapes terminées
[22:00] ✅ Auto-coder terminé
[23:00] 🚀 Auto-coder démarrage
[23:00] 📍 Étape 4
[23:00] ✅ Toutes les étapes terminées
[23:00] ✅ Auto-coder terminé
[00:00] 🚀 Auto-coder démarrage
[00:00] 📍 Étape 4
[00:00] ✅ Toutes les étapes terminées
[00:00] ✅ Auto-coder terminé
[01:00] 🚀 Auto-coder démarrage
[01:00] 📍 Étape 4
[01:00] ✅ Toutes les étapes terminées
[01:00] ✅ Auto-coder terminé
[02:00] 🚀 Auto-coder démarrage
[02:00] 📍 Étape 4
[02:00] ✅ Toutes les étapes terminées
[02:00] ✅ Auto-coder terminé
[03:00] 🚀 Auto-coder démarrage
[03:00] 📍 Étape 4
[03:00] ✅ Toutes les étapes terminées
[03:00] ✅ Auto-coder terminé
[04:00] 🚀 Auto-coder démarrage
[04:00] 📍 Étape 4
[04:00] ✅ Toutes les étapes terminées
[04:00] ✅ Auto-coder terminé
[05:00] 🚀 Auto-coder démarrage
[05:00] 📍 Étape 4
[05:00] ✅ Toutes les étapes terminées
[05:00] ✅ Auto-coder terminé
[10:00] 🚀 Auto-coder démarrage
[10:00] 📍 Étape 4
[10:00] ✅ Toutes les étapes terminées
[10:00] ✅ Auto-coder terminé
[11:00] 🚀 Auto-coder démarrage
[11:00] 📍 Étape 4
[11:00] ✅ Toutes les étapes terminées
[11:00] ✅ Auto-coder terminé
[12:00] 🚀 Auto-coder démarrage
[12:00] 📍 Étape 4
[12:00] ✅ Toutes les étapes terminées
[12:00] ✅ Auto-coder terminé
[13:00] 🚀 Auto-coder démarrage
[13:00] 📍 Étape 4
[13:00] ✅ Toutes les étapes terminées
[13:00] ✅ Auto-coder terminé
[14:00] 🚀 Auto-coder démarrage
[14:00] 📍 Étape 4
[14:00] ✅ Toutes les étapes terminées
[14:00] ✅ Auto-coder terminé
[15:00] 🚀 Auto-coder démarrage
[15:00] 📍 Étape 4
[15:00] ✅ Toutes les étapes terminées
[15:00] ✅ Auto-coder terminé
[16:00] 🚀 Auto-coder démarrage
[16:00] 📍 Étape 4
[16:00] ✅ Toutes les étapes terminées
[16:00] ✅ Auto-coder terminé
